../Display/display.c:139:20:LCD_WRITE_DC	12	static,ignoring_inline_asm
../Display/display.c:864:27:LinesIntersection	20	static
../Display/display.c:48:6:Display_TC_Callback	24	static,ignoring_inline_asm
../Display/display.c:114:13:LCD_SetCS	0	static
../Display/display.c:119:13:LCD_ResCS	0	static
../Display/display.c:124:13:LCD_SetDC	0	static
../Display/display.c:129:13:LCD_ResDC	0	static
../Display/display.c:153:6:LCD_HardWareReset	8	static
../Display/display.c:433:6:LCD_Delete	0	static
../Display/display.c:311:14:LCD_DisplayAdd	48	static,ignoring_inline_asm
../Display/display.c:457:16:LCD_GetBackLight	0	static
../Display/display.c:463:17:LCD_GetWidth	0	static
../Display/display.c:469:17:LCD_GetHeight	0	static
../Display/display.c:476:18:LCD_GetState	0	static
../Display/display.c:260:6:LCD_String_Interpretator	32	static,ignoring_inline_asm
../Display/display.c:485:6:LCD_SetBackLight	0	static
../Display/display.c:449:6:LCD_Init	8	static
../Display/display.c:532:6:LCD_SleepIn	8	static
../Display/display.c:564:6:LCD_SleepOut	8	static
../Display/display.c:574:6:LCD_SetActiveWindow	24	static
../Display/display.c:580:6:LCD_WriteData	16	static,ignoring_inline_asm
../Display/display.c:617:6:LCD_WriteDataDMA	32	static,ignoring_inline_asm
../Display/display.c:1013:6:LCD_DrawImage	40	static
../Display/display.c:1127:17:LCD_Color	0	static
../Display/display.c:164:6:LCD_ReadImage	72	static,ignoring_inline_asm
../Display/display.c:1136:17:LCD_Color_24b_to_16b	0	static
../Display/display.c:664:6:LCD_FillWindow	40	static,ignoring_inline_asm
../Display/display.c:740:6:LCD_Fill	16	static
../Display/display.c:830:6:LCD_DrawFilledRectangle	12	static
../Display/display.c:746:6:LCD_DrawPixel	32	static
../Display/display.c:758:6:LCD_DrawLine	56	static
../Display/display.c:821:6:LCD_DrawRectangle	40	static
../Display/display.c:843:6:LCD_DrawTriangle	48	static
../Display/display.c:891:6:LCD_DrawFilledTriangle	88	static
../Display/display.c:978:6:LCD_DrawFilledCircle	64	static
../Display/display.c:942:6:LCD_DrawCircle	56	static
../Display/display.c:1033:6:LCD_WriteChar	64	static,ignoring_inline_asm
../Display/display.c:1109:6:LCD_WriteString	48	static
