Archive member included to satisfy reference by file (symbol)

f:/st/stm32cubeide_1.1.0/stm32cubeide/plugins/com.st.stm32cube.ide.mcu.externaltools.gnu-tools-for-stm32.10.3-2021.10.win32_1.0.100.202210260954/tools/bin/../lib/gcc/arm-none-eabi/10.3.1/../../../../arm-none-eabi/lib/thumb/v7e-m+fp/hard\libc_nano.a(lib_a-errno.o)
                              ./Core/Src/syscalls.o (__errno)
f:/st/stm32cubeide_1.1.0/stm32cubeide/plugins/com.st.stm32cube.ide.mcu.externaltools.gnu-tools-for-stm32.10.3-2021.10.win32_1.0.100.202210260954/tools/bin/../lib/gcc/arm-none-eabi/10.3.1/../../../../arm-none-eabi/lib/thumb/v7e-m+fp/hard\libc_nano.a(lib_a-exit.o)
                              f:/st/stm32cubeide_1.1.0/stm32cubeide/plugins/com.st.stm32cube.ide.mcu.externaltools.gnu-tools-for-stm32.10.3-2021.10.win32_1.0.100.202210260954/tools/bin/../lib/gcc/arm-none-eabi/10.3.1/../../../../arm-none-eabi/lib/thumb/v7e-m+fp/hard/crt0.o (exit)
f:/st/stm32cubeide_1.1.0/stm32cubeide/plugins/com.st.stm32cube.ide.mcu.externaltools.gnu-tools-for-stm32.10.3-2021.10.win32_1.0.100.202210260954/tools/bin/../lib/gcc/arm-none-eabi/10.3.1/../../../../arm-none-eabi/lib/thumb/v7e-m+fp/hard\libc_nano.a(lib_a-impure.o)
                              f:/st/stm32cubeide_1.1.0/stm32cubeide/plugins/com.st.stm32cube.ide.mcu.externaltools.gnu-tools-for-stm32.10.3-2021.10.win32_1.0.100.202210260954/tools/bin/../lib/gcc/arm-none-eabi/10.3.1/../../../../arm-none-eabi/lib/thumb/v7e-m+fp/hard\libc_nano.a(lib_a-exit.o) (_global_impure_ptr)
f:/st/stm32cubeide_1.1.0/stm32cubeide/plugins/com.st.stm32cube.ide.mcu.externaltools.gnu-tools-for-stm32.10.3-2021.10.win32_1.0.100.202210260954/tools/bin/../lib/gcc/arm-none-eabi/10.3.1/../../../../arm-none-eabi/lib/thumb/v7e-m+fp/hard\libc_nano.a(lib_a-init.o)
                              f:/st/stm32cubeide_1.1.0/stm32cubeide/plugins/com.st.stm32cube.ide.mcu.externaltools.gnu-tools-for-stm32.10.3-2021.10.win32_1.0.100.202210260954/tools/bin/../lib/gcc/arm-none-eabi/10.3.1/../../../../arm-none-eabi/lib/thumb/v7e-m+fp/hard/crt0.o (__libc_init_array)
f:/st/stm32cubeide_1.1.0/stm32cubeide/plugins/com.st.stm32cube.ide.mcu.externaltools.gnu-tools-for-stm32.10.3-2021.10.win32_1.0.100.202210260954/tools/bin/../lib/gcc/arm-none-eabi/10.3.1/../../../../arm-none-eabi/lib/thumb/v7e-m+fp/hard\libc_nano.a(lib_a-memset.o)
                              f:/st/stm32cubeide_1.1.0/stm32cubeide/plugins/com.st.stm32cube.ide.mcu.externaltools.gnu-tools-for-stm32.10.3-2021.10.win32_1.0.100.202210260954/tools/bin/../lib/gcc/arm-none-eabi/10.3.1/../../../../arm-none-eabi/lib/thumb/v7e-m+fp/hard/crt0.o (memset)

Discarded input sections

 .text          0x0000000000000000        0x0 f:/st/stm32cubeide_1.1.0/stm32cubeide/plugins/com.st.stm32cube.ide.mcu.externaltools.gnu-tools-for-stm32.10.3-2021.10.win32_1.0.100.202210260954/tools/bin/../lib/gcc/arm-none-eabi/10.3.1/thumb/v7e-m+fp/hard/crti.o
 .data          0x0000000000000000        0x0 f:/st/stm32cubeide_1.1.0/stm32cubeide/plugins/com.st.stm32cube.ide.mcu.externaltools.gnu-tools-for-stm32.10.3-2021.10.win32_1.0.100.202210260954/tools/bin/../lib/gcc/arm-none-eabi/10.3.1/thumb/v7e-m+fp/hard/crti.o
 .bss           0x0000000000000000        0x0 f:/st/stm32cubeide_1.1.0/stm32cubeide/plugins/com.st.stm32cube.ide.mcu.externaltools.gnu-tools-for-stm32.10.3-2021.10.win32_1.0.100.202210260954/tools/bin/../lib/gcc/arm-none-eabi/10.3.1/thumb/v7e-m+fp/hard/crti.o
 .data          0x0000000000000000        0x4 f:/st/stm32cubeide_1.1.0/stm32cubeide/plugins/com.st.stm32cube.ide.mcu.externaltools.gnu-tools-for-stm32.10.3-2021.10.win32_1.0.100.202210260954/tools/bin/../lib/gcc/arm-none-eabi/10.3.1/thumb/v7e-m+fp/hard/crtbegin.o
 .rodata        0x0000000000000000       0x24 f:/st/stm32cubeide_1.1.0/stm32cubeide/plugins/com.st.stm32cube.ide.mcu.externaltools.gnu-tools-for-stm32.10.3-2021.10.win32_1.0.100.202210260954/tools/bin/../lib/gcc/arm-none-eabi/10.3.1/thumb/v7e-m+fp/hard/crtbegin.o
 .text          0x0000000000000000       0x7c f:/st/stm32cubeide_1.1.0/stm32cubeide/plugins/com.st.stm32cube.ide.mcu.externaltools.gnu-tools-for-stm32.10.3-2021.10.win32_1.0.100.202210260954/tools/bin/../lib/gcc/arm-none-eabi/10.3.1/../../../../arm-none-eabi/lib/thumb/v7e-m+fp/hard/crt0.o
 .data          0x0000000000000000        0x0 f:/st/stm32cubeide_1.1.0/stm32cubeide/plugins/com.st.stm32cube.ide.mcu.externaltools.gnu-tools-for-stm32.10.3-2021.10.win32_1.0.100.202210260954/tools/bin/../lib/gcc/arm-none-eabi/10.3.1/../../../../arm-none-eabi/lib/thumb/v7e-m+fp/hard/crt0.o
 .bss           0x0000000000000000        0x0 f:/st/stm32cubeide_1.1.0/stm32cubeide/plugins/com.st.stm32cube.ide.mcu.externaltools.gnu-tools-for-stm32.10.3-2021.10.win32_1.0.100.202210260954/tools/bin/../lib/gcc/arm-none-eabi/10.3.1/../../../../arm-none-eabi/lib/thumb/v7e-m+fp/hard/crt0.o
 .ARM.extab     0x0000000000000000        0x0 f:/st/stm32cubeide_1.1.0/stm32cubeide/plugins/com.st.stm32cube.ide.mcu.externaltools.gnu-tools-for-stm32.10.3-2021.10.win32_1.0.100.202210260954/tools/bin/../lib/gcc/arm-none-eabi/10.3.1/../../../../arm-none-eabi/lib/thumb/v7e-m+fp/hard/crt0.o
 .ARM.exidx     0x0000000000000000       0x10 f:/st/stm32cubeide_1.1.0/stm32cubeide/plugins/com.st.stm32cube.ide.mcu.externaltools.gnu-tools-for-stm32.10.3-2021.10.win32_1.0.100.202210260954/tools/bin/../lib/gcc/arm-none-eabi/10.3.1/../../../../arm-none-eabi/lib/thumb/v7e-m+fp/hard/crt0.o
 .ARM.attributes
                0x0000000000000000       0x1c f:/st/stm32cubeide_1.1.0/stm32cubeide/plugins/com.st.stm32cube.ide.mcu.externaltools.gnu-tools-for-stm32.10.3-2021.10.win32_1.0.100.202210260954/tools/bin/../lib/gcc/arm-none-eabi/10.3.1/../../../../arm-none-eabi/lib/thumb/v7e-m+fp/hard/crt0.o
 .text          0x0000000000000000        0x0 ./Core/Src/main.o
 .data          0x0000000000000000        0x0 ./Core/Src/main.o
 .bss           0x0000000000000000        0x0 ./Core/Src/main.o
 .text.Error_Handler
                0x0000000000000000        0x4 ./Core/Src/main.o
 .text          0x0000000000000000        0x0 ./Core/Src/stm32f4xx_it.o
 .data          0x0000000000000000        0x0 ./Core/Src/stm32f4xx_it.o
 .bss           0x0000000000000000        0x0 ./Core/Src/stm32f4xx_it.o
 .text          0x0000000000000000        0x0 ./Core/Src/syscalls.o
 .data          0x0000000000000000        0x0 ./Core/Src/syscalls.o
 .bss           0x0000000000000000        0x0 ./Core/Src/syscalls.o
 .text.initialise_monitor_handles
                0x0000000000000000        0x2 ./Core/Src/syscalls.o
 .text._getpid  0x0000000000000000        0x4 ./Core/Src/syscalls.o
 .text._kill    0x0000000000000000       0x10 ./Core/Src/syscalls.o
 .text._exit    0x0000000000000000        0xc ./Core/Src/syscalls.o
 .text._read    0x0000000000000000       0x1c ./Core/Src/syscalls.o
 .text._write   0x0000000000000000       0x1c ./Core/Src/syscalls.o
 .text._close   0x0000000000000000        0x6 ./Core/Src/syscalls.o
 .text._fstat   0x0000000000000000        0xa ./Core/Src/syscalls.o
 .text._isatty  0x0000000000000000        0x4 ./Core/Src/syscalls.o
 .text._lseek   0x0000000000000000        0x4 ./Core/Src/syscalls.o
 .text._open    0x0000000000000000        0xa ./Core/Src/syscalls.o
 .text._wait    0x0000000000000000       0x10 ./Core/Src/syscalls.o
 .text._unlink  0x0000000000000000       0x10 ./Core/Src/syscalls.o
 .text._times   0x0000000000000000        0x6 ./Core/Src/syscalls.o
 .text._stat    0x0000000000000000        0xa ./Core/Src/syscalls.o
 .text._link    0x0000000000000000       0x10 ./Core/Src/syscalls.o
 .text._fork    0x0000000000000000       0x10 ./Core/Src/syscalls.o
 .text._execve  0x0000000000000000       0x10 ./Core/Src/syscalls.o
 .bss.__env     0x0000000000000000        0x4 ./Core/Src/syscalls.o
 .data.environ  0x0000000000000000        0x4 ./Core/Src/syscalls.o
 .comment       0x0000000000000000       0x51 ./Core/Src/syscalls.o
 .ARM.attributes
                0x0000000000000000       0x34 ./Core/Src/syscalls.o
 .text          0x0000000000000000        0x0 ./Core/Src/sysmem.o
 .data          0x0000000000000000        0x0 ./Core/Src/sysmem.o
 .bss           0x0000000000000000        0x0 ./Core/Src/sysmem.o
 .text._sbrk    0x0000000000000000       0x40 ./Core/Src/sysmem.o
 .bss.__sbrk_heap_end
                0x0000000000000000        0x4 ./Core/Src/sysmem.o
 .comment       0x0000000000000000       0x51 ./Core/Src/sysmem.o
 .ARM.attributes
                0x0000000000000000       0x34 ./Core/Src/sysmem.o
 .text          0x0000000000000000        0x0 ./Core/Src/system_stm32f4xx.o
 .data          0x0000000000000000        0x0 ./Core/Src/system_stm32f4xx.o
 .bss           0x0000000000000000        0x0 ./Core/Src/system_stm32f4xx.o
 .text.SystemCoreClockUpdate
                0x0000000000000000       0x74 ./Core/Src/system_stm32f4xx.o
 .rodata.AHBPrescTable
                0x0000000000000000       0x10 ./Core/Src/system_stm32f4xx.o
 .rodata.APBPrescTable
                0x0000000000000000        0x8 ./Core/Src/system_stm32f4xx.o
 .text          0x0000000000000000        0x0 ./Core/Src/textures.o
 .data          0x0000000000000000        0x0 ./Core/Src/textures.o
 .bss           0x0000000000000000        0x0 ./Core/Src/textures.o
 .text          0x0000000000000000       0x14 ./Core/Startup/startup_stm32f401ccux.o
 .data          0x0000000000000000        0x0 ./Core/Startup/startup_stm32f401ccux.o
 .bss           0x0000000000000000        0x0 ./Core/Startup/startup_stm32f401ccux.o
 .text          0x0000000000000000        0x0 ./Display/display.o
 .data          0x0000000000000000        0x0 ./Display/display.o
 .bss           0x0000000000000000        0x0 ./Display/display.o
 .text.LinesIntersection
                0x0000000000000000       0x88 ./Display/display.o
 .text.LCD_SetCS
                0x0000000000000000        0xc ./Display/display.o
 .text.LCD_ResCS
                0x0000000000000000        0xe ./Display/display.o
 .text.LCD_SetDC
                0x0000000000000000        0x8 ./Display/display.o
 .text.LCD_ResDC
                0x0000000000000000        0xa ./Display/display.o
 .text.LCD_GetBackLight
                0x0000000000000000        0x6 ./Display/display.o
 .text.LCD_GetWidth
                0x0000000000000000        0x4 ./Display/display.o
 .text.LCD_GetHeight
                0x0000000000000000        0x4 ./Display/display.o
 .text.LCD_SleepIn
                0x0000000000000000       0x5c ./Display/display.o
 .text.LCD_SleepOut
                0x0000000000000000       0x20 ./Display/display.o
 .text.LCD_Fill
                0x0000000000000000       0x20 ./Display/display.o
 .text.LCD_DrawFilledRectangle
                0x0000000000000000       0x4e ./Display/display.o
 .text.LCD_DrawLine
                0x0000000000000000      0x110 ./Display/display.o
 .text.LCD_DrawRectangle
                0x0000000000000000       0x52 ./Display/display.o
 .text.LCD_DrawTriangle
                0x0000000000000000       0x48 ./Display/display.o
 .text.LCD_DrawFilledTriangle
                0x0000000000000000      0x17e ./Display/display.o
 .text.LCD_DrawFilledCircle
                0x0000000000000000       0xec ./Display/display.o
 .text.LCD_DrawCircle
                0x0000000000000000      0x142 ./Display/display.o
 .text.LCD_WriteChar
                0x0000000000000000      0x1f8 ./Display/display.o
 .text.LCD_WriteString
                0x0000000000000000       0x68 ./Display/display.o
 .text          0x0000000000000000        0x0 ./Display/fonts.o
 .data          0x0000000000000000        0x0 ./Display/fonts.o
 .bss           0x0000000000000000        0x0 ./Display/fonts.o
 .data.Font_12x20
                0x0000000000000000        0xc ./Display/fonts.o
 .data.Font_15x25
                0x0000000000000000        0xc ./Display/fonts.o
 .data.Font_8x13
                0x0000000000000000        0xc ./Display/fonts.o
 .rodata.Font12x20
                0x0000000000000000     0x2300 ./Display/fonts.o
 .rodata.Font15x25
                0x0000000000000000     0x2bc0 ./Display/fonts.o
 .rodata.Font8x13
                0x0000000000000000      0xb60 ./Display/fonts.o
 .comment       0x0000000000000000       0x51 ./Display/fonts.o
 .ARM.attributes
                0x0000000000000000       0x34 ./Display/fonts.o
 .text          0x0000000000000000        0x0 ./Display/ili9341.o
 .data          0x0000000000000000        0x0 ./Display/ili9341.o
 .bss           0x0000000000000000        0x0 ./Display/ili9341.o
 .text          0x0000000000000000        0x0 ./Display/st7789.o
 .data          0x0000000000000000        0x0 ./Display/st7789.o
 .bss           0x0000000000000000        0x0 ./Display/st7789.o
 .text.ST7789_Init
                0x0000000000000000       0x28 ./Display/st7789.o
 .text.ST7789_SetWindow
                0x0000000000000000       0x24 ./Display/st7789.o
 .text.ST7789_SleepIn
                0x0000000000000000        0x8 ./Display/st7789.o
 .text.ST7789_SleepOut
                0x0000000000000000        0x8 ./Display/st7789.o
 .data.st7789_init_str
                0x0000000000000000       0x6d ./Display/st7789.o
 .data.st7789_setwin_str
                0x0000000000000000       0x12 ./Display/st7789.o
 .data.st7789_sleepin_str
                0x0000000000000000        0x6 ./Display/st7789.o
 .data.st7789_sleepout_str
                0x0000000000000000        0x6 ./Display/st7789.o
 .comment       0x0000000000000000       0x51 ./Display/st7789.o
 .ARM.attributes
                0x0000000000000000       0x34 ./Display/st7789.o
 .text          0x0000000000000000        0x0 ./Drivers/STM32F4xx_HAL_Driver/Src/stm32f4xx_ll_dma.o
 .data          0x0000000000000000        0x0 ./Drivers/STM32F4xx_HAL_Driver/Src/stm32f4xx_ll_dma.o
 .bss           0x0000000000000000        0x0 ./Drivers/STM32F4xx_HAL_Driver/Src/stm32f4xx_ll_dma.o
 .text.LL_DMA_DeInit
                0x0000000000000000      0x190 ./Drivers/STM32F4xx_HAL_Driver/Src/stm32f4xx_ll_dma.o
 .text.LL_DMA_Init
                0x0000000000000000       0x84 ./Drivers/STM32F4xx_HAL_Driver/Src/stm32f4xx_ll_dma.o
 .text.LL_DMA_StructInit
                0x0000000000000000       0x22 ./Drivers/STM32F4xx_HAL_Driver/Src/stm32f4xx_ll_dma.o
 .rodata.STREAM_OFFSET_TAB
                0x0000000000000000        0x8 ./Drivers/STM32F4xx_HAL_Driver/Src/stm32f4xx_ll_dma.o
 .comment       0x0000000000000000       0x51 ./Drivers/STM32F4xx_HAL_Driver/Src/stm32f4xx_ll_dma.o
 .ARM.attributes
                0x0000000000000000       0x34 ./Drivers/STM32F4xx_HAL_Driver/Src/stm32f4xx_ll_dma.o
 .text          0x0000000000000000        0x0 ./Drivers/STM32F4xx_HAL_Driver/Src/stm32f4xx_ll_exti.o
 .data          0x0000000000000000        0x0 ./Drivers/STM32F4xx_HAL_Driver/Src/stm32f4xx_ll_exti.o
 .bss           0x0000000000000000        0x0 ./Drivers/STM32F4xx_HAL_Driver/Src/stm32f4xx_ll_exti.o
 .text.LL_EXTI_DeInit
                0x0000000000000000       0x1c ./Drivers/STM32F4xx_HAL_Driver/Src/stm32f4xx_ll_exti.o
 .text.LL_EXTI_Init
                0x0000000000000000       0xa8 ./Drivers/STM32F4xx_HAL_Driver/Src/stm32f4xx_ll_exti.o
 .text.LL_EXTI_StructInit
                0x0000000000000000        0xc ./Drivers/STM32F4xx_HAL_Driver/Src/stm32f4xx_ll_exti.o
 .comment       0x0000000000000000       0x51 ./Drivers/STM32F4xx_HAL_Driver/Src/stm32f4xx_ll_exti.o
 .ARM.attributes
                0x0000000000000000       0x34 ./Drivers/STM32F4xx_HAL_Driver/Src/stm32f4xx_ll_exti.o
 .text          0x0000000000000000        0x0 ./Drivers/STM32F4xx_HAL_Driver/Src/stm32f4xx_ll_gpio.o
 .data          0x0000000000000000        0x0 ./Drivers/STM32F4xx_HAL_Driver/Src/stm32f4xx_ll_gpio.o
 .bss           0x0000000000000000        0x0 ./Drivers/STM32F4xx_HAL_Driver/Src/stm32f4xx_ll_gpio.o
 .text.LL_GPIO_DeInit
                0x0000000000000000       0xbc ./Drivers/STM32F4xx_HAL_Driver/Src/stm32f4xx_ll_gpio.o
 .text.LL_GPIO_StructInit
                0x0000000000000000       0x16 ./Drivers/STM32F4xx_HAL_Driver/Src/stm32f4xx_ll_gpio.o
 .text          0x0000000000000000        0x0 ./Drivers/STM32F4xx_HAL_Driver/Src/stm32f4xx_ll_rcc.o
 .data          0x0000000000000000        0x0 ./Drivers/STM32F4xx_HAL_Driver/Src/stm32f4xx_ll_rcc.o
 .bss           0x0000000000000000        0x0 ./Drivers/STM32F4xx_HAL_Driver/Src/stm32f4xx_ll_rcc.o
 .text.LL_RCC_DeInit
                0x0000000000000000       0x94 ./Drivers/STM32F4xx_HAL_Driver/Src/stm32f4xx_ll_rcc.o
 .text.RCC_GetHCLKClockFreq
                0x0000000000000000       0x18 ./Drivers/STM32F4xx_HAL_Driver/Src/stm32f4xx_ll_rcc.o
 .text.RCC_GetPCLK1ClockFreq
                0x0000000000000000       0x18 ./Drivers/STM32F4xx_HAL_Driver/Src/stm32f4xx_ll_rcc.o
 .text.RCC_GetPCLK2ClockFreq
                0x0000000000000000       0x18 ./Drivers/STM32F4xx_HAL_Driver/Src/stm32f4xx_ll_rcc.o
 .text.RCC_PLL_GetFreqDomain_SYS
                0x0000000000000000       0x48 ./Drivers/STM32F4xx_HAL_Driver/Src/stm32f4xx_ll_rcc.o
 .text.RCC_GetSystemClockFreq
                0x0000000000000000       0x28 ./Drivers/STM32F4xx_HAL_Driver/Src/stm32f4xx_ll_rcc.o
 .text.LL_RCC_GetSystemClocksFreq
                0x0000000000000000       0x20 ./Drivers/STM32F4xx_HAL_Driver/Src/stm32f4xx_ll_rcc.o
 .text.RCC_PLL_GetFreqDomain_48M
                0x0000000000000000       0x3c ./Drivers/STM32F4xx_HAL_Driver/Src/stm32f4xx_ll_rcc.o
 .text.LL_RCC_GetSDIOClockFreq
                0x0000000000000000       0x1c ./Drivers/STM32F4xx_HAL_Driver/Src/stm32f4xx_ll_rcc.o
 .text.LL_RCC_GetUSBClockFreq
                0x0000000000000000       0x14 ./Drivers/STM32F4xx_HAL_Driver/Src/stm32f4xx_ll_rcc.o
 .text.RCC_PLLI2S_GetFreqDomain_I2S
                0x0000000000000000       0x40 ./Drivers/STM32F4xx_HAL_Driver/Src/stm32f4xx_ll_rcc.o
 .text.LL_RCC_GetI2SClockFreq
                0x0000000000000000       0x2c ./Drivers/STM32F4xx_HAL_Driver/Src/stm32f4xx_ll_rcc.o
 .comment       0x0000000000000000       0x51 ./Drivers/STM32F4xx_HAL_Driver/Src/stm32f4xx_ll_rcc.o
 .ARM.attributes
                0x0000000000000000       0x34 ./Drivers/STM32F4xx_HAL_Driver/Src/stm32f4xx_ll_rcc.o
 .text          0x0000000000000000        0x0 ./Drivers/STM32F4xx_HAL_Driver/Src/stm32f4xx_ll_spi.o
 .data          0x0000000000000000        0x0 ./Drivers/STM32F4xx_HAL_Driver/Src/stm32f4xx_ll_spi.o
 .bss           0x0000000000000000        0x0 ./Drivers/STM32F4xx_HAL_Driver/Src/stm32f4xx_ll_spi.o
 .text.LL_SPI_DeInit
                0x0000000000000000       0x80 ./Drivers/STM32F4xx_HAL_Driver/Src/stm32f4xx_ll_spi.o
 .text.LL_SPI_StructInit
                0x0000000000000000       0x1a ./Drivers/STM32F4xx_HAL_Driver/Src/stm32f4xx_ll_spi.o
 .text.LL_I2S_DeInit
                0x0000000000000000        0x4 ./Drivers/STM32F4xx_HAL_Driver/Src/stm32f4xx_ll_spi.o
 .text.LL_I2S_Init
                0x0000000000000000       0x90 ./Drivers/STM32F4xx_HAL_Driver/Src/stm32f4xx_ll_spi.o
 .text.LL_I2S_StructInit
                0x0000000000000000       0x12 ./Drivers/STM32F4xx_HAL_Driver/Src/stm32f4xx_ll_spi.o
 .text.LL_I2S_ConfigPrescaler
                0x0000000000000000       0x14 ./Drivers/STM32F4xx_HAL_Driver/Src/stm32f4xx_ll_spi.o
 .text.LL_I2S_InitFullDuplex
                0x0000000000000000       0x40 ./Drivers/STM32F4xx_HAL_Driver/Src/stm32f4xx_ll_spi.o
 .text          0x0000000000000000        0x0 ./Drivers/STM32F4xx_HAL_Driver/Src/stm32f4xx_ll_tim.o
 .data          0x0000000000000000        0x0 ./Drivers/STM32F4xx_HAL_Driver/Src/stm32f4xx_ll_tim.o
 .bss           0x0000000000000000        0x0 ./Drivers/STM32F4xx_HAL_Driver/Src/stm32f4xx_ll_tim.o
 .text.LL_TIM_DeInit
                0x0000000000000000       0xf8 ./Drivers/STM32F4xx_HAL_Driver/Src/stm32f4xx_ll_tim.o
 .text.LL_TIM_StructInit
                0x0000000000000000       0x12 ./Drivers/STM32F4xx_HAL_Driver/Src/stm32f4xx_ll_tim.o
 .text.LL_TIM_OC_StructInit
                0x0000000000000000       0x14 ./Drivers/STM32F4xx_HAL_Driver/Src/stm32f4xx_ll_tim.o
 .text.LL_TIM_IC_StructInit
                0x0000000000000000       0x10 ./Drivers/STM32F4xx_HAL_Driver/Src/stm32f4xx_ll_tim.o
 .text.LL_TIM_IC_Init
                0x0000000000000000       0xde ./Drivers/STM32F4xx_HAL_Driver/Src/stm32f4xx_ll_tim.o
 .text.LL_TIM_ENCODER_StructInit
                0x0000000000000000       0x1c ./Drivers/STM32F4xx_HAL_Driver/Src/stm32f4xx_ll_tim.o
 .text.LL_TIM_ENCODER_Init
                0x0000000000000000       0x5a ./Drivers/STM32F4xx_HAL_Driver/Src/stm32f4xx_ll_tim.o
 .text.LL_TIM_HALLSENSOR_StructInit
                0x0000000000000000        0xc ./Drivers/STM32F4xx_HAL_Driver/Src/stm32f4xx_ll_tim.o
 .text.LL_TIM_HALLSENSOR_Init
                0x0000000000000000       0x52 ./Drivers/STM32F4xx_HAL_Driver/Src/stm32f4xx_ll_tim.o
 .text.LL_TIM_BDTR_StructInit
                0x0000000000000000       0x12 ./Drivers/STM32F4xx_HAL_Driver/Src/stm32f4xx_ll_tim.o
 .text.LL_TIM_BDTR_Init
                0x0000000000000000       0x34 ./Drivers/STM32F4xx_HAL_Driver/Src/stm32f4xx_ll_tim.o
 .text          0x0000000000000000        0x0 ./Drivers/STM32F4xx_HAL_Driver/Src/stm32f4xx_ll_utils.o
 .data          0x0000000000000000        0x0 ./Drivers/STM32F4xx_HAL_Driver/Src/stm32f4xx_ll_utils.o
 .bss           0x0000000000000000        0x0 ./Drivers/STM32F4xx_HAL_Driver/Src/stm32f4xx_ll_utils.o
 .text.UTILS_PLL_IsBusy
                0x0000000000000000       0x1c ./Drivers/STM32F4xx_HAL_Driver/Src/stm32f4xx_ll_utils.o
 .text.LL_SetFlashLatency
                0x0000000000000000       0x8c ./Drivers/STM32F4xx_HAL_Driver/Src/stm32f4xx_ll_utils.o
 .text.UTILS_EnablePLLAndSwitchSystem
                0x0000000000000000       0x94 ./Drivers/STM32F4xx_HAL_Driver/Src/stm32f4xx_ll_utils.o
 .text.LL_PLL_ConfigSystemClock_HSI
                0x0000000000000000       0x74 ./Drivers/STM32F4xx_HAL_Driver/Src/stm32f4xx_ll_utils.o
 .text.LL_PLL_ConfigSystemClock_HSE
                0x0000000000000000       0x8c ./Drivers/STM32F4xx_HAL_Driver/Src/stm32f4xx_ll_utils.o
 .text          0x0000000000000000        0x0 f:/st/stm32cubeide_1.1.0/stm32cubeide/plugins/com.st.stm32cube.ide.mcu.externaltools.gnu-tools-for-stm32.10.3-2021.10.win32_1.0.100.202210260954/tools/bin/../lib/gcc/arm-none-eabi/10.3.1/../../../../arm-none-eabi/lib/thumb/v7e-m+fp/hard\libc_nano.a(lib_a-errno.o)
 .data          0x0000000000000000        0x0 f:/st/stm32cubeide_1.1.0/stm32cubeide/plugins/com.st.stm32cube.ide.mcu.externaltools.gnu-tools-for-stm32.10.3-2021.10.win32_1.0.100.202210260954/tools/bin/../lib/gcc/arm-none-eabi/10.3.1/../../../../arm-none-eabi/lib/thumb/v7e-m+fp/hard\libc_nano.a(lib_a-errno.o)
 .bss           0x0000000000000000        0x0 f:/st/stm32cubeide_1.1.0/stm32cubeide/plugins/com.st.stm32cube.ide.mcu.externaltools.gnu-tools-for-stm32.10.3-2021.10.win32_1.0.100.202210260954/tools/bin/../lib/gcc/arm-none-eabi/10.3.1/../../../../arm-none-eabi/lib/thumb/v7e-m+fp/hard\libc_nano.a(lib_a-errno.o)
 .text.__errno  0x0000000000000000        0xc f:/st/stm32cubeide_1.1.0/stm32cubeide/plugins/com.st.stm32cube.ide.mcu.externaltools.gnu-tools-for-stm32.10.3-2021.10.win32_1.0.100.202210260954/tools/bin/../lib/gcc/arm-none-eabi/10.3.1/../../../../arm-none-eabi/lib/thumb/v7e-m+fp/hard\libc_nano.a(lib_a-errno.o)
 .debug_frame   0x0000000000000000       0x20 f:/st/stm32cubeide_1.1.0/stm32cubeide/plugins/com.st.stm32cube.ide.mcu.externaltools.gnu-tools-for-stm32.10.3-2021.10.win32_1.0.100.202210260954/tools/bin/../lib/gcc/arm-none-eabi/10.3.1/../../../../arm-none-eabi/lib/thumb/v7e-m+fp/hard\libc_nano.a(lib_a-errno.o)
 .ARM.attributes
                0x0000000000000000       0x34 f:/st/stm32cubeide_1.1.0/stm32cubeide/plugins/com.st.stm32cube.ide.mcu.externaltools.gnu-tools-for-stm32.10.3-2021.10.win32_1.0.100.202210260954/tools/bin/../lib/gcc/arm-none-eabi/10.3.1/../../../../arm-none-eabi/lib/thumb/v7e-m+fp/hard\libc_nano.a(lib_a-errno.o)
 .text          0x0000000000000000        0x0 f:/st/stm32cubeide_1.1.0/stm32cubeide/plugins/com.st.stm32cube.ide.mcu.externaltools.gnu-tools-for-stm32.10.3-2021.10.win32_1.0.100.202210260954/tools/bin/../lib/gcc/arm-none-eabi/10.3.1/../../../../arm-none-eabi/lib/thumb/v7e-m+fp/hard\libc_nano.a(lib_a-exit.o)
 .data          0x0000000000000000        0x0 f:/st/stm32cubeide_1.1.0/stm32cubeide/plugins/com.st.stm32cube.ide.mcu.externaltools.gnu-tools-for-stm32.10.3-2021.10.win32_1.0.100.202210260954/tools/bin/../lib/gcc/arm-none-eabi/10.3.1/../../../../arm-none-eabi/lib/thumb/v7e-m+fp/hard\libc_nano.a(lib_a-exit.o)
 .bss           0x0000000000000000        0x0 f:/st/stm32cubeide_1.1.0/stm32cubeide/plugins/com.st.stm32cube.ide.mcu.externaltools.gnu-tools-for-stm32.10.3-2021.10.win32_1.0.100.202210260954/tools/bin/../lib/gcc/arm-none-eabi/10.3.1/../../../../arm-none-eabi/lib/thumb/v7e-m+fp/hard\libc_nano.a(lib_a-exit.o)
 .text.exit     0x0000000000000000       0x28 f:/st/stm32cubeide_1.1.0/stm32cubeide/plugins/com.st.stm32cube.ide.mcu.externaltools.gnu-tools-for-stm32.10.3-2021.10.win32_1.0.100.202210260954/tools/bin/../lib/gcc/arm-none-eabi/10.3.1/../../../../arm-none-eabi/lib/thumb/v7e-m+fp/hard\libc_nano.a(lib_a-exit.o)
 .debug_frame   0x0000000000000000       0x28 f:/st/stm32cubeide_1.1.0/stm32cubeide/plugins/com.st.stm32cube.ide.mcu.externaltools.gnu-tools-for-stm32.10.3-2021.10.win32_1.0.100.202210260954/tools/bin/../lib/gcc/arm-none-eabi/10.3.1/../../../../arm-none-eabi/lib/thumb/v7e-m+fp/hard\libc_nano.a(lib_a-exit.o)
 .ARM.attributes
                0x0000000000000000       0x34 f:/st/stm32cubeide_1.1.0/stm32cubeide/plugins/com.st.stm32cube.ide.mcu.externaltools.gnu-tools-for-stm32.10.3-2021.10.win32_1.0.100.202210260954/tools/bin/../lib/gcc/arm-none-eabi/10.3.1/../../../../arm-none-eabi/lib/thumb/v7e-m+fp/hard\libc_nano.a(lib_a-exit.o)
 .text          0x0000000000000000        0x0 f:/st/stm32cubeide_1.1.0/stm32cubeide/plugins/com.st.stm32cube.ide.mcu.externaltools.gnu-tools-for-stm32.10.3-2021.10.win32_1.0.100.202210260954/tools/bin/../lib/gcc/arm-none-eabi/10.3.1/../../../../arm-none-eabi/lib/thumb/v7e-m+fp/hard\libc_nano.a(lib_a-impure.o)
 .data          0x0000000000000000        0x0 f:/st/stm32cubeide_1.1.0/stm32cubeide/plugins/com.st.stm32cube.ide.mcu.externaltools.gnu-tools-for-stm32.10.3-2021.10.win32_1.0.100.202210260954/tools/bin/../lib/gcc/arm-none-eabi/10.3.1/../../../../arm-none-eabi/lib/thumb/v7e-m+fp/hard\libc_nano.a(lib_a-impure.o)
 .bss           0x0000000000000000        0x0 f:/st/stm32cubeide_1.1.0/stm32cubeide/plugins/com.st.stm32cube.ide.mcu.externaltools.gnu-tools-for-stm32.10.3-2021.10.win32_1.0.100.202210260954/tools/bin/../lib/gcc/arm-none-eabi/10.3.1/../../../../arm-none-eabi/lib/thumb/v7e-m+fp/hard\libc_nano.a(lib_a-impure.o)
 .data._impure_ptr
                0x0000000000000000        0x4 f:/st/stm32cubeide_1.1.0/stm32cubeide/plugins/com.st.stm32cube.ide.mcu.externaltools.gnu-tools-for-stm32.10.3-2021.10.win32_1.0.100.202210260954/tools/bin/../lib/gcc/arm-none-eabi/10.3.1/../../../../arm-none-eabi/lib/thumb/v7e-m+fp/hard\libc_nano.a(lib_a-impure.o)
 .data.impure_data
                0x0000000000000000       0x60 f:/st/stm32cubeide_1.1.0/stm32cubeide/plugins/com.st.stm32cube.ide.mcu.externaltools.gnu-tools-for-stm32.10.3-2021.10.win32_1.0.100.202210260954/tools/bin/../lib/gcc/arm-none-eabi/10.3.1/../../../../arm-none-eabi/lib/thumb/v7e-m+fp/hard\libc_nano.a(lib_a-impure.o)
 .rodata._global_impure_ptr
                0x0000000000000000        0x4 f:/st/stm32cubeide_1.1.0/stm32cubeide/plugins/com.st.stm32cube.ide.mcu.externaltools.gnu-tools-for-stm32.10.3-2021.10.win32_1.0.100.202210260954/tools/bin/../lib/gcc/arm-none-eabi/10.3.1/../../../../arm-none-eabi/lib/thumb/v7e-m+fp/hard\libc_nano.a(lib_a-impure.o)
 .ARM.attributes
                0x0000000000000000       0x34 f:/st/stm32cubeide_1.1.0/stm32cubeide/plugins/com.st.stm32cube.ide.mcu.externaltools.gnu-tools-for-stm32.10.3-2021.10.win32_1.0.100.202210260954/tools/bin/../lib/gcc/arm-none-eabi/10.3.1/../../../../arm-none-eabi/lib/thumb/v7e-m+fp/hard\libc_nano.a(lib_a-impure.o)
 .text          0x0000000000000000        0x0 f:/st/stm32cubeide_1.1.0/stm32cubeide/plugins/com.st.stm32cube.ide.mcu.externaltools.gnu-tools-for-stm32.10.3-2021.10.win32_1.0.100.202210260954/tools/bin/../lib/gcc/arm-none-eabi/10.3.1/../../../../arm-none-eabi/lib/thumb/v7e-m+fp/hard\libc_nano.a(lib_a-init.o)
 .data          0x0000000000000000        0x0 f:/st/stm32cubeide_1.1.0/stm32cubeide/plugins/com.st.stm32cube.ide.mcu.externaltools.gnu-tools-for-stm32.10.3-2021.10.win32_1.0.100.202210260954/tools/bin/../lib/gcc/arm-none-eabi/10.3.1/../../../../arm-none-eabi/lib/thumb/v7e-m+fp/hard\libc_nano.a(lib_a-init.o)
 .bss           0x0000000000000000        0x0 f:/st/stm32cubeide_1.1.0/stm32cubeide/plugins/com.st.stm32cube.ide.mcu.externaltools.gnu-tools-for-stm32.10.3-2021.10.win32_1.0.100.202210260954/tools/bin/../lib/gcc/arm-none-eabi/10.3.1/../../../../arm-none-eabi/lib/thumb/v7e-m+fp/hard\libc_nano.a(lib_a-init.o)
 .text          0x0000000000000000        0x0 f:/st/stm32cubeide_1.1.0/stm32cubeide/plugins/com.st.stm32cube.ide.mcu.externaltools.gnu-tools-for-stm32.10.3-2021.10.win32_1.0.100.202210260954/tools/bin/../lib/gcc/arm-none-eabi/10.3.1/../../../../arm-none-eabi/lib/thumb/v7e-m+fp/hard\libc_nano.a(lib_a-memset.o)
 .data          0x0000000000000000        0x0 f:/st/stm32cubeide_1.1.0/stm32cubeide/plugins/com.st.stm32cube.ide.mcu.externaltools.gnu-tools-for-stm32.10.3-2021.10.win32_1.0.100.202210260954/tools/bin/../lib/gcc/arm-none-eabi/10.3.1/../../../../arm-none-eabi/lib/thumb/v7e-m+fp/hard\libc_nano.a(lib_a-memset.o)
 .bss           0x0000000000000000        0x0 f:/st/stm32cubeide_1.1.0/stm32cubeide/plugins/com.st.stm32cube.ide.mcu.externaltools.gnu-tools-for-stm32.10.3-2021.10.win32_1.0.100.202210260954/tools/bin/../lib/gcc/arm-none-eabi/10.3.1/../../../../arm-none-eabi/lib/thumb/v7e-m+fp/hard\libc_nano.a(lib_a-memset.o)
 .text          0x0000000000000000        0x0 f:/st/stm32cubeide_1.1.0/stm32cubeide/plugins/com.st.stm32cube.ide.mcu.externaltools.gnu-tools-for-stm32.10.3-2021.10.win32_1.0.100.202210260954/tools/bin/../lib/gcc/arm-none-eabi/10.3.1/thumb/v7e-m+fp/hard/crtend.o
 .data          0x0000000000000000        0x0 f:/st/stm32cubeide_1.1.0/stm32cubeide/plugins/com.st.stm32cube.ide.mcu.externaltools.gnu-tools-for-stm32.10.3-2021.10.win32_1.0.100.202210260954/tools/bin/../lib/gcc/arm-none-eabi/10.3.1/thumb/v7e-m+fp/hard/crtend.o
 .bss           0x0000000000000000        0x0 f:/st/stm32cubeide_1.1.0/stm32cubeide/plugins/com.st.stm32cube.ide.mcu.externaltools.gnu-tools-for-stm32.10.3-2021.10.win32_1.0.100.202210260954/tools/bin/../lib/gcc/arm-none-eabi/10.3.1/thumb/v7e-m+fp/hard/crtend.o
 .rodata        0x0000000000000000       0x24 f:/st/stm32cubeide_1.1.0/stm32cubeide/plugins/com.st.stm32cube.ide.mcu.externaltools.gnu-tools-for-stm32.10.3-2021.10.win32_1.0.100.202210260954/tools/bin/../lib/gcc/arm-none-eabi/10.3.1/thumb/v7e-m+fp/hard/crtend.o
 .eh_frame      0x0000000000000000        0x4 f:/st/stm32cubeide_1.1.0/stm32cubeide/plugins/com.st.stm32cube.ide.mcu.externaltools.gnu-tools-for-stm32.10.3-2021.10.win32_1.0.100.202210260954/tools/bin/../lib/gcc/arm-none-eabi/10.3.1/thumb/v7e-m+fp/hard/crtend.o
 .ARM.attributes
                0x0000000000000000       0x34 f:/st/stm32cubeide_1.1.0/stm32cubeide/plugins/com.st.stm32cube.ide.mcu.externaltools.gnu-tools-for-stm32.10.3-2021.10.win32_1.0.100.202210260954/tools/bin/../lib/gcc/arm-none-eabi/10.3.1/thumb/v7e-m+fp/hard/crtend.o
 .text          0x0000000000000000        0x0 f:/st/stm32cubeide_1.1.0/stm32cubeide/plugins/com.st.stm32cube.ide.mcu.externaltools.gnu-tools-for-stm32.10.3-2021.10.win32_1.0.100.202210260954/tools/bin/../lib/gcc/arm-none-eabi/10.3.1/thumb/v7e-m+fp/hard/crtn.o
 .data          0x0000000000000000        0x0 f:/st/stm32cubeide_1.1.0/stm32cubeide/plugins/com.st.stm32cube.ide.mcu.externaltools.gnu-tools-for-stm32.10.3-2021.10.win32_1.0.100.202210260954/tools/bin/../lib/gcc/arm-none-eabi/10.3.1/thumb/v7e-m+fp/hard/crtn.o
 .bss           0x0000000000000000        0x0 f:/st/stm32cubeide_1.1.0/stm32cubeide/plugins/com.st.stm32cube.ide.mcu.externaltools.gnu-tools-for-stm32.10.3-2021.10.win32_1.0.100.202210260954/tools/bin/../lib/gcc/arm-none-eabi/10.3.1/thumb/v7e-m+fp/hard/crtn.o

Memory Configuration

Name             Origin             Length             Attributes
RAM              0x0000000020000000 0x0000000000010000 xrw
FLASH            0x0000000008000000 0x0000000000040000 xr
*default*        0x0000000000000000 0xffffffffffffffff

Linker script and memory map

LOAD f:/st/stm32cubeide_1.1.0/stm32cubeide/plugins/com.st.stm32cube.ide.mcu.externaltools.gnu-tools-for-stm32.10.3-2021.10.win32_1.0.100.202210260954/tools/bin/../lib/gcc/arm-none-eabi/10.3.1/thumb/v7e-m+fp/hard/crti.o
LOAD f:/st/stm32cubeide_1.1.0/stm32cubeide/plugins/com.st.stm32cube.ide.mcu.externaltools.gnu-tools-for-stm32.10.3-2021.10.win32_1.0.100.202210260954/tools/bin/../lib/gcc/arm-none-eabi/10.3.1/thumb/v7e-m+fp/hard/crtbegin.o
LOAD f:/st/stm32cubeide_1.1.0/stm32cubeide/plugins/com.st.stm32cube.ide.mcu.externaltools.gnu-tools-for-stm32.10.3-2021.10.win32_1.0.100.202210260954/tools/bin/../lib/gcc/arm-none-eabi/10.3.1/../../../../arm-none-eabi/lib/thumb/v7e-m+fp/hard/crt0.o
LOAD ./Core/Src/main.o
LOAD ./Core/Src/stm32f4xx_it.o
LOAD ./Core/Src/syscalls.o
LOAD ./Core/Src/sysmem.o
LOAD ./Core/Src/system_stm32f4xx.o
LOAD ./Core/Src/textures.o
LOAD ./Core/Startup/startup_stm32f401ccux.o
LOAD ./Display/display.o
LOAD ./Display/fonts.o
LOAD ./Display/ili9341.o
LOAD ./Display/st7789.o
LOAD ./Drivers/STM32F4xx_HAL_Driver/Src/stm32f4xx_ll_dma.o
LOAD ./Drivers/STM32F4xx_HAL_Driver/Src/stm32f4xx_ll_exti.o
LOAD ./Drivers/STM32F4xx_HAL_Driver/Src/stm32f4xx_ll_gpio.o
LOAD ./Drivers/STM32F4xx_HAL_Driver/Src/stm32f4xx_ll_rcc.o
LOAD ./Drivers/STM32F4xx_HAL_Driver/Src/stm32f4xx_ll_spi.o
LOAD ./Drivers/STM32F4xx_HAL_Driver/Src/stm32f4xx_ll_tim.o
LOAD ./Drivers/STM32F4xx_HAL_Driver/Src/stm32f4xx_ll_utils.o
START GROUP
LOAD f:/st/stm32cubeide_1.1.0/stm32cubeide/plugins/com.st.stm32cube.ide.mcu.externaltools.gnu-tools-for-stm32.10.3-2021.10.win32_1.0.100.202210260954/tools/bin/../lib/gcc/arm-none-eabi/10.3.1/../../../../arm-none-eabi/lib/thumb/v7e-m+fp/hard\libc_nano.a
LOAD f:/st/stm32cubeide_1.1.0/stm32cubeide/plugins/com.st.stm32cube.ide.mcu.externaltools.gnu-tools-for-stm32.10.3-2021.10.win32_1.0.100.202210260954/tools/bin/../lib/gcc/arm-none-eabi/10.3.1/../../../../arm-none-eabi/lib/thumb/v7e-m+fp/hard\libm.a
END GROUP
START GROUP
LOAD f:/st/stm32cubeide_1.1.0/stm32cubeide/plugins/com.st.stm32cube.ide.mcu.externaltools.gnu-tools-for-stm32.10.3-2021.10.win32_1.0.100.202210260954/tools/bin/../lib/gcc/arm-none-eabi/10.3.1/thumb/v7e-m+fp/hard\libgcc.a
LOAD f:/st/stm32cubeide_1.1.0/stm32cubeide/plugins/com.st.stm32cube.ide.mcu.externaltools.gnu-tools-for-stm32.10.3-2021.10.win32_1.0.100.202210260954/tools/bin/../lib/gcc/arm-none-eabi/10.3.1/../../../../arm-none-eabi/lib/thumb/v7e-m+fp/hard\libc_nano.a
END GROUP
START GROUP
LOAD f:/st/stm32cubeide_1.1.0/stm32cubeide/plugins/com.st.stm32cube.ide.mcu.externaltools.gnu-tools-for-stm32.10.3-2021.10.win32_1.0.100.202210260954/tools/bin/../lib/gcc/arm-none-eabi/10.3.1/thumb/v7e-m+fp/hard\libgcc.a
LOAD f:/st/stm32cubeide_1.1.0/stm32cubeide/plugins/com.st.stm32cube.ide.mcu.externaltools.gnu-tools-for-stm32.10.3-2021.10.win32_1.0.100.202210260954/tools/bin/../lib/gcc/arm-none-eabi/10.3.1/../../../../arm-none-eabi/lib/thumb/v7e-m+fp/hard\libc_nano.a
LOAD f:/st/stm32cubeide_1.1.0/stm32cubeide/plugins/com.st.stm32cube.ide.mcu.externaltools.gnu-tools-for-stm32.10.3-2021.10.win32_1.0.100.202210260954/tools/bin/../lib/gcc/arm-none-eabi/10.3.1/../../../../arm-none-eabi/lib/thumb/v7e-m+fp/hard\libnosys.a
END GROUP
START GROUP
LOAD f:/st/stm32cubeide_1.1.0/stm32cubeide/plugins/com.st.stm32cube.ide.mcu.externaltools.gnu-tools-for-stm32.10.3-2021.10.win32_1.0.100.202210260954/tools/bin/../lib/gcc/arm-none-eabi/10.3.1/thumb/v7e-m+fp/hard\libgcc.a
LOAD f:/st/stm32cubeide_1.1.0/stm32cubeide/plugins/com.st.stm32cube.ide.mcu.externaltools.gnu-tools-for-stm32.10.3-2021.10.win32_1.0.100.202210260954/tools/bin/../lib/gcc/arm-none-eabi/10.3.1/../../../../arm-none-eabi/lib/thumb/v7e-m+fp/hard\libc_nano.a
LOAD f:/st/stm32cubeide_1.1.0/stm32cubeide/plugins/com.st.stm32cube.ide.mcu.externaltools.gnu-tools-for-stm32.10.3-2021.10.win32_1.0.100.202210260954/tools/bin/../lib/gcc/arm-none-eabi/10.3.1/../../../../arm-none-eabi/lib/thumb/v7e-m+fp/hard\libnosys.a
END GROUP
LOAD f:/st/stm32cubeide_1.1.0/stm32cubeide/plugins/com.st.stm32cube.ide.mcu.externaltools.gnu-tools-for-stm32.10.3-2021.10.win32_1.0.100.202210260954/tools/bin/../lib/gcc/arm-none-eabi/10.3.1/thumb/v7e-m+fp/hard/crtend.o
LOAD f:/st/stm32cubeide_1.1.0/stm32cubeide/plugins/com.st.stm32cube.ide.mcu.externaltools.gnu-tools-for-stm32.10.3-2021.10.win32_1.0.100.202210260954/tools/bin/../lib/gcc/arm-none-eabi/10.3.1/thumb/v7e-m+fp/hard/crtn.o
                0x0000000020010000                _estack = (ORIGIN (RAM) + LENGTH (RAM))
                0x0000000000000200                _Min_Heap_Size = 0x200
                0x0000000000000400                _Min_Stack_Size = 0x400

.isr_vector     0x0000000008000000      0x194
                0x0000000008000000                . = ALIGN (0x4)
 *(.isr_vector)
 .isr_vector    0x0000000008000000      0x194 ./Core/Startup/startup_stm32f401ccux.o
                0x0000000008000000                g_pfnVectors
                0x0000000008000194                . = ALIGN (0x4)

.text           0x0000000008000194     0x17a4
                0x0000000008000194                . = ALIGN (0x4)
 *(.text)
 .text          0x0000000008000194       0x40 f:/st/stm32cubeide_1.1.0/stm32cubeide/plugins/com.st.stm32cube.ide.mcu.externaltools.gnu-tools-for-stm32.10.3-2021.10.win32_1.0.100.202210260954/tools/bin/../lib/gcc/arm-none-eabi/10.3.1/thumb/v7e-m+fp/hard/crtbegin.o
 *(.text*)
 .text.LL_AHB1_GRP1_EnableClock
                0x00000000080001d4       0x1c ./Core/Src/main.o
 .text.NVIC_EncodePriority.constprop.0
                0x00000000080001f0       0x2a ./Core/Src/main.o
 *fill*         0x000000000800021a        0x2 
 .text.SystemClock_Config
                0x000000000800021c       0xcc ./Core/Src/main.o
                0x000000000800021c                SystemClock_Config
 .text.startup.main
                0x00000000080002e8      0x4dc ./Core/Src/main.o
                0x00000000080002e8                main
 .text.NMI_Handler
                0x00000000080007c4        0x2 ./Core/Src/stm32f4xx_it.o
                0x00000000080007c4                NMI_Handler
 .text.HardFault_Handler
                0x00000000080007c6        0x2 ./Core/Src/stm32f4xx_it.o
                0x00000000080007c6                HardFault_Handler
 .text.MemManage_Handler
                0x00000000080007c8        0x2 ./Core/Src/stm32f4xx_it.o
                0x00000000080007c8                MemManage_Handler
 .text.BusFault_Handler
                0x00000000080007ca        0x2 ./Core/Src/stm32f4xx_it.o
                0x00000000080007ca                BusFault_Handler
 .text.UsageFault_Handler
                0x00000000080007cc        0x2 ./Core/Src/stm32f4xx_it.o
                0x00000000080007cc                UsageFault_Handler
 .text.SVC_Handler
                0x00000000080007ce        0x2 ./Core/Src/stm32f4xx_it.o
                0x00000000080007ce                SVC_Handler
 .text.DebugMon_Handler
                0x00000000080007d0        0x2 ./Core/Src/stm32f4xx_it.o
                0x00000000080007d0                DebugMon_Handler
 .text.PendSV_Handler
                0x00000000080007d2        0x2 ./Core/Src/stm32f4xx_it.o
                0x00000000080007d2                PendSV_Handler
 .text.SysTick_Handler
                0x00000000080007d4        0x2 ./Core/Src/stm32f4xx_it.o
                0x00000000080007d4                SysTick_Handler
 *fill*         0x00000000080007d6        0x2 
 .text.DMA2_Stream3_IRQHandler
                0x00000000080007d8        0xc ./Core/Src/stm32f4xx_it.o
                0x00000000080007d8                DMA2_Stream3_IRQHandler
 .text.SystemInit
                0x00000000080007e4       0x14 ./Core/Src/system_stm32f4xx.o
                0x00000000080007e4                SystemInit
 .text.MGL_Color_gradient
                0x00000000080007f8       0x48 ./Core/Src/textures.o
                0x00000000080007f8                MGL_Color_gradient
 .text.Draw_Texture
                0x0000000008000840      0x154 ./Core/Src/textures.o
                0x0000000008000840                Draw_Texture
 .text.Reset_Handler
                0x0000000008000994       0x50 ./Core/Startup/startup_stm32f401ccux.o
                0x0000000008000994                Reset_Handler
 .text.Default_Handler
                0x00000000080009e4        0x2 ./Core/Startup/startup_stm32f401ccux.o
                0x00000000080009e4                RTC_Alarm_IRQHandler
                0x00000000080009e4                EXTI2_IRQHandler
                0x00000000080009e4                SPI4_IRQHandler
                0x00000000080009e4                TIM1_CC_IRQHandler
                0x00000000080009e4                DMA2_Stream5_IRQHandler
                0x00000000080009e4                DMA1_Stream5_IRQHandler
                0x00000000080009e4                PVD_IRQHandler
                0x00000000080009e4                SDIO_IRQHandler
                0x00000000080009e4                TAMP_STAMP_IRQHandler
                0x00000000080009e4                EXTI3_IRQHandler
                0x00000000080009e4                TIM1_UP_TIM10_IRQHandler
                0x00000000080009e4                I2C3_ER_IRQHandler
                0x00000000080009e4                EXTI0_IRQHandler
                0x00000000080009e4                I2C2_EV_IRQHandler
                0x00000000080009e4                DMA1_Stream2_IRQHandler
                0x00000000080009e4                FPU_IRQHandler
                0x00000000080009e4                DMA2_Stream2_IRQHandler
                0x00000000080009e4                SPI1_IRQHandler
                0x00000000080009e4                TIM1_BRK_TIM9_IRQHandler
                0x00000000080009e4                USART6_IRQHandler
                0x00000000080009e4                DMA2_Stream0_IRQHandler
                0x00000000080009e4                TIM4_IRQHandler
                0x00000000080009e4                I2C1_EV_IRQHandler
                0x00000000080009e4                DMA1_Stream6_IRQHandler
                0x00000000080009e4                DMA1_Stream1_IRQHandler
                0x00000000080009e4                TIM3_IRQHandler
                0x00000000080009e4                RCC_IRQHandler
                0x00000000080009e4                Default_Handler
                0x00000000080009e4                EXTI15_10_IRQHandler
                0x00000000080009e4                ADC_IRQHandler
                0x00000000080009e4                DMA1_Stream7_IRQHandler
                0x00000000080009e4                TIM5_IRQHandler
                0x00000000080009e4                DMA2_Stream7_IRQHandler
                0x00000000080009e4                I2C3_EV_IRQHandler
                0x00000000080009e4                EXTI9_5_IRQHandler
                0x00000000080009e4                RTC_WKUP_IRQHandler
                0x00000000080009e4                SPI2_IRQHandler
                0x00000000080009e4                DMA1_Stream0_IRQHandler
                0x00000000080009e4                EXTI4_IRQHandler
                0x00000000080009e4                WWDG_IRQHandler
                0x00000000080009e4                TIM2_IRQHandler
                0x00000000080009e4                OTG_FS_WKUP_IRQHandler
                0x00000000080009e4                TIM1_TRG_COM_TIM11_IRQHandler
                0x00000000080009e4                EXTI1_IRQHandler
                0x00000000080009e4                USART2_IRQHandler
                0x00000000080009e4                I2C2_ER_IRQHandler
                0x00000000080009e4                DMA2_Stream1_IRQHandler
                0x00000000080009e4                FLASH_IRQHandler
                0x00000000080009e4                DMA2_Stream4_IRQHandler
                0x00000000080009e4                USART1_IRQHandler
                0x00000000080009e4                OTG_FS_IRQHandler
                0x00000000080009e4                SPI3_IRQHandler
                0x00000000080009e4                DMA1_Stream4_IRQHandler
                0x00000000080009e4                I2C1_ER_IRQHandler
                0x00000000080009e4                DMA2_Stream6_IRQHandler
                0x00000000080009e4                DMA1_Stream3_IRQHandler
 .text.LCD_WRITE_DC
                0x00000000080009e6       0x26 ./Display/display.o
 .text.Display_TC_Callback
                0x0000000008000a0c       0xdc ./Display/display.o
                0x0000000008000a0c                Display_TC_Callback
 .text.LCD_HardWareReset
                0x0000000008000ae8       0x26 ./Display/display.o
                0x0000000008000ae8                LCD_HardWareReset
 .text.LCD_Delete
                0x0000000008000b0e        0xe ./Display/display.o
                0x0000000008000b0e                LCD_Delete
 .text.LCD_DisplayAdd
                0x0000000008000b1c      0x1c8 ./Display/display.o
                0x0000000008000b1c                LCD_DisplayAdd
 .text.LCD_GetState
                0x0000000008000ce4        0xa ./Display/display.o
                0x0000000008000ce4                LCD_GetState
 .text.LCD_String_Interpretator
                0x0000000008000cee       0xb6 ./Display/display.o
                0x0000000008000cee                LCD_String_Interpretator
 .text.LCD_SetBackLight
                0x0000000008000da4       0x6a ./Display/display.o
                0x0000000008000da4                LCD_SetBackLight
 .text.LCD_Init
                0x0000000008000e0e       0x24 ./Display/display.o
                0x0000000008000e0e                LCD_Init
 .text.LCD_SetActiveWindow
                0x0000000008000e32       0x2e ./Display/display.o
                0x0000000008000e32                LCD_SetActiveWindow
 .text.LCD_WriteData
                0x0000000008000e60       0xa8 ./Display/display.o
                0x0000000008000e60                LCD_WriteData
 .text.LCD_WriteDataDMA
                0x0000000008000f08      0x110 ./Display/display.o
                0x0000000008000f08                LCD_WriteDataDMA
 .text.LCD_DrawImage
                0x0000000008001018       0x70 ./Display/display.o
                0x0000000008001018                LCD_DrawImage
 .text.LCD_Color
                0x0000000008001088       0x28 ./Display/display.o
                0x0000000008001088                LCD_Color
 .text.LCD_ReadImage
                0x00000000080010b0      0x1ac ./Display/display.o
                0x00000000080010b0                LCD_ReadImage
 .text.LCD_Color_24b_to_16b
                0x000000000800125c        0xe ./Display/display.o
                0x000000000800125c                LCD_Color_24b_to_16b
 *fill*         0x000000000800126a        0x2 
 .text.LCD_FillWindow
                0x000000000800126c      0x1a4 ./Display/display.o
                0x000000000800126c                LCD_FillWindow
 .text.LCD_DrawPixel
                0x0000000008001410       0x44 ./Display/display.o
                0x0000000008001410                LCD_DrawPixel
 .text.ILI9341_Init
                0x0000000008001454       0x2c ./Display/ili9341.o
                0x0000000008001454                ILI9341_Init
 .text.ILI9341_SetWindow
                0x0000000008001480       0x24 ./Display/ili9341.o
                0x0000000008001480                ILI9341_SetWindow
 .text.ILI9341_SleepIn
                0x00000000080014a4        0x8 ./Display/ili9341.o
                0x00000000080014a4                ILI9341_SleepIn
 .text.ILI9341_SleepOut
                0x00000000080014ac        0x8 ./Display/ili9341.o
                0x00000000080014ac                ILI9341_SleepOut
 .text.LL_GPIO_Init
                0x00000000080014b4      0x13c ./Drivers/STM32F4xx_HAL_Driver/Src/stm32f4xx_ll_gpio.o
                0x00000000080014b4                LL_GPIO_Init
 .text.LL_SPI_Init
                0x00000000080015f0       0x60 ./Drivers/STM32F4xx_HAL_Driver/Src/stm32f4xx_ll_spi.o
                0x00000000080015f0                LL_SPI_Init
 .text.LL_TIM_Init
                0x0000000008001650       0x98 ./Drivers/STM32F4xx_HAL_Driver/Src/stm32f4xx_ll_tim.o
                0x0000000008001650                LL_TIM_Init
 .text.LL_TIM_OC_Init
                0x00000000080016e8      0x190 ./Drivers/STM32F4xx_HAL_Driver/Src/stm32f4xx_ll_tim.o
                0x00000000080016e8                LL_TIM_OC_Init
 .text.LL_Init1msTick
                0x0000000008001878       0x1a ./Drivers/STM32F4xx_HAL_Driver/Src/stm32f4xx_ll_utils.o
                0x0000000008001878                LL_Init1msTick
 .text.LL_mDelay
                0x0000000008001892       0x28 ./Drivers/STM32F4xx_HAL_Driver/Src/stm32f4xx_ll_utils.o
                0x0000000008001892                LL_mDelay
 *fill*         0x00000000080018ba        0x2 
 .text.LL_SetSystemCoreClock
                0x00000000080018bc        0xc ./Drivers/STM32F4xx_HAL_Driver/Src/stm32f4xx_ll_utils.o
                0x00000000080018bc                LL_SetSystemCoreClock
 .text.__libc_init_array
                0x00000000080018c8       0x48 f:/st/stm32cubeide_1.1.0/stm32cubeide/plugins/com.st.stm32cube.ide.mcu.externaltools.gnu-tools-for-stm32.10.3-2021.10.win32_1.0.100.202210260954/tools/bin/../lib/gcc/arm-none-eabi/10.3.1/../../../../arm-none-eabi/lib/thumb/v7e-m+fp/hard\libc_nano.a(lib_a-init.o)
                0x00000000080018c8                __libc_init_array
 .text.memset   0x0000000008001910       0x10 f:/st/stm32cubeide_1.1.0/stm32cubeide/plugins/com.st.stm32cube.ide.mcu.externaltools.gnu-tools-for-stm32.10.3-2021.10.win32_1.0.100.202210260954/tools/bin/../lib/gcc/arm-none-eabi/10.3.1/../../../../arm-none-eabi/lib/thumb/v7e-m+fp/hard\libc_nano.a(lib_a-memset.o)
                0x0000000008001910                memset
 *(.glue_7)
 .glue_7        0x0000000008001920        0x0 linker stubs
 *(.glue_7t)
 .glue_7t       0x0000000008001920        0x0 linker stubs
 *(.eh_frame)
 .eh_frame      0x0000000008001920        0x0 f:/st/stm32cubeide_1.1.0/stm32cubeide/plugins/com.st.stm32cube.ide.mcu.externaltools.gnu-tools-for-stm32.10.3-2021.10.win32_1.0.100.202210260954/tools/bin/../lib/gcc/arm-none-eabi/10.3.1/thumb/v7e-m+fp/hard/crtbegin.o
 *(.init)
 .init          0x0000000008001920        0x4 f:/st/stm32cubeide_1.1.0/stm32cubeide/plugins/com.st.stm32cube.ide.mcu.externaltools.gnu-tools-for-stm32.10.3-2021.10.win32_1.0.100.202210260954/tools/bin/../lib/gcc/arm-none-eabi/10.3.1/thumb/v7e-m+fp/hard/crti.o
                0x0000000008001920                _init
 .init          0x0000000008001924        0x8 f:/st/stm32cubeide_1.1.0/stm32cubeide/plugins/com.st.stm32cube.ide.mcu.externaltools.gnu-tools-for-stm32.10.3-2021.10.win32_1.0.100.202210260954/tools/bin/../lib/gcc/arm-none-eabi/10.3.1/thumb/v7e-m+fp/hard/crtn.o
 *(.fini)
 .fini          0x000000000800192c        0x4 f:/st/stm32cubeide_1.1.0/stm32cubeide/plugins/com.st.stm32cube.ide.mcu.externaltools.gnu-tools-for-stm32.10.3-2021.10.win32_1.0.100.202210260954/tools/bin/../lib/gcc/arm-none-eabi/10.3.1/thumb/v7e-m+fp/hard/crti.o
                0x000000000800192c                _fini
 .fini          0x0000000008001930        0x8 f:/st/stm32cubeide_1.1.0/stm32cubeide/plugins/com.st.stm32cube.ide.mcu.externaltools.gnu-tools-for-stm32.10.3-2021.10.win32_1.0.100.202210260954/tools/bin/../lib/gcc/arm-none-eabi/10.3.1/thumb/v7e-m+fp/hard/crtn.o
                0x0000000008001938                . = ALIGN (0x4)
                0x0000000008001938                _etext = .

.vfp11_veneer   0x0000000008001938        0x0
 .vfp11_veneer  0x0000000008001938        0x0 linker stubs

.v4_bx          0x0000000008001938        0x0
 .v4_bx         0x0000000008001938        0x0 linker stubs

.iplt           0x0000000008001938        0x0
 .iplt          0x0000000008001938        0x0 f:/st/stm32cubeide_1.1.0/stm32cubeide/plugins/com.st.stm32cube.ide.mcu.externaltools.gnu-tools-for-stm32.10.3-2021.10.win32_1.0.100.202210260954/tools/bin/../lib/gcc/arm-none-eabi/10.3.1/thumb/v7e-m+fp/hard/crtbegin.o

.rodata         0x0000000008001938     0x58a4
                0x0000000008001938                . = ALIGN (0x4)
 *(.rodata)
 .rodata        0x0000000008001938       0x10 ./Core/Src/main.o
 .rodata        0x0000000008001948       0x23 ./Display/display.o
 *(.rodata*)
 *fill*         0x000000000800196b        0x1 
 .rodata.image_data_kamen
                0x000000000800196c      0xc80 ./Core/Src/textures.o
                0x000000000800196c                image_data_kamen
 .rodata.image_data_melnica
                0x00000000080025ec     0x4bc8 ./Core/Src/textures.o
                0x00000000080025ec                image_data_melnica
 .rodata.image_kamen
                0x00000000080071b4       0x10 ./Core/Src/textures.o
                0x00000000080071b4                image_kamen
 .rodata.image_melnica
                0x00000000080071c4       0x10 ./Core/Src/textures.o
                0x00000000080071c4                image_melnica
 .rodata.STREAM_OFFSET_TAB
                0x00000000080071d4        0x8 ./Display/display.o
                0x00000000080071dc                . = ALIGN (0x4)

.rel.dyn        0x00000000080071dc        0x0
 .rel.iplt      0x00000000080071dc        0x0 f:/st/stm32cubeide_1.1.0/stm32cubeide/plugins/com.st.stm32cube.ide.mcu.externaltools.gnu-tools-for-stm32.10.3-2021.10.win32_1.0.100.202210260954/tools/bin/../lib/gcc/arm-none-eabi/10.3.1/thumb/v7e-m+fp/hard/crtbegin.o

.ARM.extab      0x00000000080071dc        0x0
                0x00000000080071dc                . = ALIGN (0x4)
 *(.ARM.extab* .gnu.linkonce.armextab.*)
                0x00000000080071dc                . = ALIGN (0x4)

.ARM            0x00000000080071dc        0x0
                0x00000000080071dc                . = ALIGN (0x4)
                0x00000000080071dc                __exidx_start = .
 *(.ARM.exidx*)
                0x00000000080071dc                __exidx_end = .
                0x00000000080071dc                . = ALIGN (0x4)

.preinit_array  0x00000000080071dc        0x0
                0x00000000080071dc                . = ALIGN (0x4)
                0x00000000080071dc                PROVIDE (__preinit_array_start = .)
 *(.preinit_array*)
                0x00000000080071dc                PROVIDE (__preinit_array_end = .)
                0x00000000080071dc                . = ALIGN (0x4)

.init_array     0x00000000080071dc        0x4
                0x00000000080071dc                . = ALIGN (0x4)
                0x00000000080071dc                PROVIDE (__init_array_start = .)
 *(SORT_BY_NAME(.init_array.*))
 *(.init_array*)
 .init_array    0x00000000080071dc        0x4 f:/st/stm32cubeide_1.1.0/stm32cubeide/plugins/com.st.stm32cube.ide.mcu.externaltools.gnu-tools-for-stm32.10.3-2021.10.win32_1.0.100.202210260954/tools/bin/../lib/gcc/arm-none-eabi/10.3.1/thumb/v7e-m+fp/hard/crtbegin.o
                0x00000000080071e0                PROVIDE (__init_array_end = .)
                0x00000000080071e0                . = ALIGN (0x4)

.fini_array     0x00000000080071e0        0x4
                0x00000000080071e0                . = ALIGN (0x4)
                [!provide]                        PROVIDE (__fini_array_start = .)
 *(SORT_BY_NAME(.fini_array.*))
 *(.fini_array*)
 .fini_array    0x00000000080071e0        0x4 f:/st/stm32cubeide_1.1.0/stm32cubeide/plugins/com.st.stm32cube.ide.mcu.externaltools.gnu-tools-for-stm32.10.3-2021.10.win32_1.0.100.202210260954/tools/bin/../lib/gcc/arm-none-eabi/10.3.1/thumb/v7e-m+fp/hard/crtbegin.o
                [!provide]                        PROVIDE (__fini_array_end = .)
                0x00000000080071e4                . = ALIGN (0x4)
                0x00000000080071e4                _sidata = LOADADDR (.data)

.data           0x0000000020000000       0xb4 load address 0x00000000080071e4
                0x0000000020000000                . = ALIGN (0x4)
                0x0000000020000000                _sdata = .
 *(.data)
 *(.data*)
 .data.SystemCoreClock
                0x0000000020000000        0x4 ./Core/Src/system_stm32f4xx.o
                0x0000000020000000                SystemCoreClock
 .data.ili9341_init_str
                0x0000000020000004       0x91 ./Display/ili9341.o
                0x0000000020000004                ili9341_init_str
 .data.ili9341_setwin_str
                0x0000000020000095       0x12 ./Display/ili9341.o
                0x0000000020000095                ili9341_setwin_str
 .data.ili9341_sleepin_str
                0x00000000200000a7        0x6 ./Display/ili9341.o
                0x00000000200000a7                ili9341_sleepin_str
 .data.ili9341_sleepout_str
                0x00000000200000ad        0x6 ./Display/ili9341.o
                0x00000000200000ad                ili9341_sleepout_str
 *(.RamFunc)
 *(.RamFunc*)
                0x00000000200000b4                . = ALIGN (0x4)
 *fill*         0x00000000200000b3        0x1 
                0x00000000200000b4                _edata = .

.igot.plt       0x00000000200000b4        0x0 load address 0x0000000008007298
 .igot.plt      0x00000000200000b4        0x0 f:/st/stm32cubeide_1.1.0/stm32cubeide/plugins/com.st.stm32cube.ide.mcu.externaltools.gnu-tools-for-stm32.10.3-2021.10.win32_1.0.100.202210260954/tools/bin/../lib/gcc/arm-none-eabi/10.3.1/thumb/v7e-m+fp/hard/crtbegin.o
                0x00000000200000b4                . = ALIGN (0x4)

.bss            0x00000000200000b4       0x20 load address 0x0000000008007298
                0x00000000200000b4                _sbss = .
                0x00000000200000b4                __bss_start__ = _sbss
 *(.bss)
 .bss           0x00000000200000b4       0x1c f:/st/stm32cubeide_1.1.0/stm32cubeide/plugins/com.st.stm32cube.ide.mcu.externaltools.gnu-tools-for-stm32.10.3-2021.10.win32_1.0.100.202210260954/tools/bin/../lib/gcc/arm-none-eabi/10.3.1/thumb/v7e-m+fp/hard/crtbegin.o
 *(.bss*)
 .bss.LCD       0x00000000200000d0        0x4 ./Display/display.o
                0x00000000200000d0                LCD
 *(COMMON)
                0x00000000200000d4                . = ALIGN (0x4)
                0x00000000200000d4                _ebss = .
                0x00000000200000d4                __bss_end__ = _ebss

._user_heap_stack
                0x00000000200000d4      0x604 load address 0x0000000008007298
                0x00000000200000d8                . = ALIGN (0x8)
 *fill*         0x00000000200000d4        0x4 
                [!provide]                        PROVIDE (end = .)
                0x00000000200000d8                PROVIDE (_end = .)
                0x00000000200002d8                . = (. + _Min_Heap_Size)
 *fill*         0x00000000200000d8      0x200 
                0x00000000200006d8                . = (. + _Min_Stack_Size)
 *fill*         0x00000000200002d8      0x400 
                0x00000000200006d8                . = ALIGN (0x8)

/DISCARD/
 libc.a(*)
 libm.a(*)
 libgcc.a(*)

.ARM.attributes
                0x0000000000000000       0x30
 *(.ARM.attributes)
 .ARM.attributes
                0x0000000000000000       0x1e f:/st/stm32cubeide_1.1.0/stm32cubeide/plugins/com.st.stm32cube.ide.mcu.externaltools.gnu-tools-for-stm32.10.3-2021.10.win32_1.0.100.202210260954/tools/bin/../lib/gcc/arm-none-eabi/10.3.1/thumb/v7e-m+fp/hard/crti.o
 .ARM.attributes
                0x000000000000001e       0x34 f:/st/stm32cubeide_1.1.0/stm32cubeide/plugins/com.st.stm32cube.ide.mcu.externaltools.gnu-tools-for-stm32.10.3-2021.10.win32_1.0.100.202210260954/tools/bin/../lib/gcc/arm-none-eabi/10.3.1/thumb/v7e-m+fp/hard/crtbegin.o
 .ARM.attributes
                0x0000000000000052       0x34 ./Core/Src/main.o
 .ARM.attributes
                0x0000000000000086       0x34 ./Core/Src/stm32f4xx_it.o
 .ARM.attributes
                0x00000000000000ba       0x34 ./Core/Src/system_stm32f4xx.o
 .ARM.attributes
                0x00000000000000ee       0x34 ./Core/Src/textures.o
 .ARM.attributes
                0x0000000000000122       0x21 ./Core/Startup/startup_stm32f401ccux.o
 .ARM.attributes
                0x0000000000000143       0x34 ./Display/display.o
 .ARM.attributes
                0x0000000000000177       0x34 ./Display/ili9341.o
 .ARM.attributes
                0x00000000000001ab       0x34 ./Drivers/STM32F4xx_HAL_Driver/Src/stm32f4xx_ll_gpio.o
 .ARM.attributes
                0x00000000000001df       0x34 ./Drivers/STM32F4xx_HAL_Driver/Src/stm32f4xx_ll_spi.o
 .ARM.attributes
                0x0000000000000213       0x34 ./Drivers/STM32F4xx_HAL_Driver/Src/stm32f4xx_ll_tim.o
 .ARM.attributes
                0x0000000000000247       0x34 ./Drivers/STM32F4xx_HAL_Driver/Src/stm32f4xx_ll_utils.o
 .ARM.attributes
                0x000000000000027b       0x34 f:/st/stm32cubeide_1.1.0/stm32cubeide/plugins/com.st.stm32cube.ide.mcu.externaltools.gnu-tools-for-stm32.10.3-2021.10.win32_1.0.100.202210260954/tools/bin/../lib/gcc/arm-none-eabi/10.3.1/../../../../arm-none-eabi/lib/thumb/v7e-m+fp/hard\libc_nano.a(lib_a-init.o)
 .ARM.attributes
                0x00000000000002af       0x34 f:/st/stm32cubeide_1.1.0/stm32cubeide/plugins/com.st.stm32cube.ide.mcu.externaltools.gnu-tools-for-stm32.10.3-2021.10.win32_1.0.100.202210260954/tools/bin/../lib/gcc/arm-none-eabi/10.3.1/../../../../arm-none-eabi/lib/thumb/v7e-m+fp/hard\libc_nano.a(lib_a-memset.o)
 .ARM.attributes
                0x00000000000002e3       0x1e f:/st/stm32cubeide_1.1.0/stm32cubeide/plugins/com.st.stm32cube.ide.mcu.externaltools.gnu-tools-for-stm32.10.3-2021.10.win32_1.0.100.202210260954/tools/bin/../lib/gcc/arm-none-eabi/10.3.1/thumb/v7e-m+fp/hard/crtn.o
OUTPUT(stm32f401ccu6_ili9341_ReadImage.elf elf32-littlearm)
LOAD linker stubs
LOAD f:/st/stm32cubeide_1.1.0/stm32cubeide/plugins/com.st.stm32cube.ide.mcu.externaltools.gnu-tools-for-stm32.10.3-2021.10.win32_1.0.100.202210260954/tools/bin/../lib/gcc/arm-none-eabi/10.3.1/../../../../arm-none-eabi/lib/thumb/v7e-m+fp/hard\libc.a
LOAD f:/st/stm32cubeide_1.1.0/stm32cubeide/plugins/com.st.stm32cube.ide.mcu.externaltools.gnu-tools-for-stm32.10.3-2021.10.win32_1.0.100.202210260954/tools/bin/../lib/gcc/arm-none-eabi/10.3.1/../../../../arm-none-eabi/lib/thumb/v7e-m+fp/hard\libm.a
LOAD f:/st/stm32cubeide_1.1.0/stm32cubeide/plugins/com.st.stm32cube.ide.mcu.externaltools.gnu-tools-for-stm32.10.3-2021.10.win32_1.0.100.202210260954/tools/bin/../lib/gcc/arm-none-eabi/10.3.1/thumb/v7e-m+fp/hard\libgcc.a

.comment        0x0000000000000000       0x50
 .comment       0x0000000000000000       0x50 ./Core/Src/main.o
                                         0x51 (size before relaxing)
 .comment       0x0000000000000050       0x51 ./Core/Src/stm32f4xx_it.o
 .comment       0x0000000000000050       0x51 ./Core/Src/system_stm32f4xx.o
 .comment       0x0000000000000050       0x51 ./Core/Src/textures.o
 .comment       0x0000000000000050       0x51 ./Display/display.o
 .comment       0x0000000000000050       0x51 ./Display/ili9341.o
 .comment       0x0000000000000050       0x51 ./Drivers/STM32F4xx_HAL_Driver/Src/stm32f4xx_ll_gpio.o
 .comment       0x0000000000000050       0x51 ./Drivers/STM32F4xx_HAL_Driver/Src/stm32f4xx_ll_spi.o
 .comment       0x0000000000000050       0x51 ./Drivers/STM32F4xx_HAL_Driver/Src/stm32f4xx_ll_tim.o
 .comment       0x0000000000000050       0x51 ./Drivers/STM32F4xx_HAL_Driver/Src/stm32f4xx_ll_utils.o

.debug_frame    0x0000000000000000       0x4c
 .debug_frame   0x0000000000000000       0x2c f:/st/stm32cubeide_1.1.0/stm32cubeide/plugins/com.st.stm32cube.ide.mcu.externaltools.gnu-tools-for-stm32.10.3-2021.10.win32_1.0.100.202210260954/tools/bin/../lib/gcc/arm-none-eabi/10.3.1/../../../../arm-none-eabi/lib/thumb/v7e-m+fp/hard\libc_nano.a(lib_a-init.o)
 .debug_frame   0x000000000000002c       0x20 f:/st/stm32cubeide_1.1.0/stm32cubeide/plugins/com.st.stm32cube.ide.mcu.externaltools.gnu-tools-for-stm32.10.3-2021.10.win32_1.0.100.202210260954/tools/bin/../lib/gcc/arm-none-eabi/10.3.1/../../../../arm-none-eabi/lib/thumb/v7e-m+fp/hard\libc_nano.a(lib_a-memset.o)
